// Jest Snapshot v1, https://goo.gl/fbAQLP

exports[`renders correctly 1`] = `
Array [
  <h5>
    sign in
  </h5>,
  <form
    onSubmit={[Function]}
  >
    <input
      id="emailField"
      placeholder="Email"
      type="email"
    />
    <input
      id="passwordField"
      placeholder="Password"
      type="password"
    />
    <button
      type="submit"
    >
      Log in
    </button>
  </form>,
  <button
    onClick={[Function]}
  >
    Logout
  </button>,
  <div>
    <button
      onClick={[Function]}
    >
       Log in with Google
    </button>
    <button
      onClick={[Function]}
    >
       
      Log in with Facebook
    </button>
  </div>,
]
`;
